TauChild::initialized

Tau::initilized

Tau's exported variable: 	Tau's exported variable
Function fooF          : 	Tau's fooF(Hi) is here
Procedure fooP         : 
Tau's fooP(Hi) is here
message from main
message from tau
[1,2,3,4]
Predefined Variables
PI     =3.14159265358979
test
my name is PI
my name is PI
my name is PI
my name is PI
end
my name is PI	3.14159265358979
